mode: set
github.com/Zartex-the-art/sei-ratelimiter/internal/algorithms/factory.go:12.90,13.16 1 1
github.com/Zartex-the-art/sei-ratelimiter/internal/algorithms/factory.go:13.16,15.3 1 1
github.com/Zartex-the-art/sei-ratelimiter/internal/algorithms/factory.go:17.2,17.21 1 1
github.com/Zartex-the-art/sei-ratelimiter/internal/algorithms/factory.go:17.21,19.3 1 1
github.com/Zartex-the-art/sei-ratelimiter/internal/algorithms/factory.go:21.2,21.19 1 1
github.com/Zartex-the-art/sei-ratelimiter/internal/algorithms/factory.go:22.28,23.51 1 1
github.com/Zartex-the-art/sei-ratelimiter/internal/algorithms/factory.go:24.30,25.53 1 0
github.com/Zartex-the-art/sei-ratelimiter/internal/algorithms/factory.go:26.28,27.51 1 0
github.com/Zartex-the-art/sei-ratelimiter/internal/algorithms/factory.go:28.10,29.60 1 1
github.com/Zartex-the-art/sei-ratelimiter/internal/algorithms/factory.go:34.33,40.2 1 1
github.com/Zartex-the-art/sei-ratelimiter/internal/algorithms/fixed_window.go:16.72,22.2 1 1
github.com/Zartex-the-art/sei-ratelimiter/internal/algorithms/fixed_window.go:23.87,31.16 3 1
github.com/Zartex-the-art/sei-ratelimiter/internal/algorithms/fixed_window.go:31.16,33.3 1 0
github.com/Zartex-the-art/sei-ratelimiter/internal/algorithms/fixed_window.go:35.2,37.19 2 1
github.com/Zartex-the-art/sei-ratelimiter/internal/algorithms/fixed_window.go:37.19,39.3 1 1
github.com/Zartex-the-art/sei-ratelimiter/internal/algorithms/fixed_window.go:41.2,41.27 1 1
github.com/Zartex-the-art/sei-ratelimiter/internal/algorithms/fixed_window.go:41.27,43.3 1 1
github.com/Zartex-the-art/sei-ratelimiter/internal/algorithms/fixed_window.go:45.2,45.29 1 1
github.com/Zartex-the-art/sei-ratelimiter/internal/algorithms/sliding_window.go:28.76,34.2 1 1
github.com/Zartex-the-art/sei-ratelimiter/internal/algorithms/sliding_window.go:41.89,48.16 6 1
github.com/Zartex-the-art/sei-ratelimiter/internal/algorithms/sliding_window.go:48.16,50.3 1 0
github.com/Zartex-the-art/sei-ratelimiter/internal/algorithms/sliding_window.go:51.2,51.27 1 1
github.com/Zartex-the-art/sei-ratelimiter/internal/algorithms/sliding_window.go:51.27,53.3 1 1
github.com/Zartex-the-art/sei-ratelimiter/internal/algorithms/sliding_window.go:54.2,55.29 2 1
github.com/Zartex-the-art/sei-ratelimiter/internal/algorithms/token_bucket.go:27.72,34.2 1 1
github.com/Zartex-the-art/sei-ratelimiter/internal/algorithms/token_bucket.go:40.87,45.16 4 1
github.com/Zartex-the-art/sei-ratelimiter/internal/algorithms/token_bucket.go:45.16,47.3 1 0
github.com/Zartex-the-art/sei-ratelimiter/internal/algorithms/token_bucket.go:48.2,48.21 1 1
github.com/Zartex-the-art/sei-ratelimiter/internal/algorithms/token_bucket.go:48.21,50.3 1 1
github.com/Zartex-the-art/sei-ratelimiter/internal/algorithms/token_bucket.go:51.2,51.29 1 1
