mode: atomic
github.com/Zartex-the-art/sei-ratelimiter/internal/api/middleware/rate_limiter.go:10.78,11.46 1 0
github.com/Zartex-the-art/sei-ratelimiter/internal/api/middleware/rate_limiter.go:11.46,12.72 1 0
github.com/Zartex-the-art/sei-ratelimiter/internal/api/middleware/rate_limiter.go:12.72,18.18 3 0
github.com/Zartex-the-art/sei-ratelimiter/internal/api/middleware/rate_limiter.go:18.18,21.5 2 0
github.com/Zartex-the-art/sei-ratelimiter/internal/api/middleware/rate_limiter.go:23.4,25.16 2 0
github.com/Zartex-the-art/sei-ratelimiter/internal/api/middleware/rate_limiter.go:25.16,28.5 2 0
github.com/Zartex-the-art/sei-ratelimiter/internal/api/middleware/rate_limiter.go:30.4,30.24 1 0
github.com/Zartex-the-art/sei-ratelimiter/internal/middleware/ratelimit.go:12.48,13.71 1 0
github.com/Zartex-the-art/sei-ratelimiter/internal/middleware/ratelimit.go:13.71,15.37 1 0
github.com/Zartex-the-art/sei-ratelimiter/internal/middleware/ratelimit.go:15.37,18.4 2 0
github.com/Zartex-the-art/sei-ratelimiter/internal/middleware/ratelimit.go:20.3,20.23 1 0
github.com/Zartex-the-art/sei-ratelimiter/internal/testhelpers/helpers.go:19.46,23.16 3 0
github.com/Zartex-the-art/sei-ratelimiter/internal/testhelpers/helpers.go:23.16,25.3 1 0
github.com/Zartex-the-art/sei-ratelimiter/internal/testhelpers/helpers.go:27.2,33.64 2 0
github.com/Zartex-the-art/sei-ratelimiter/internal/testhelpers/helpers.go:33.64,36.3 2 0
github.com/Zartex-the-art/sei-ratelimiter/internal/testhelpers/helpers.go:37.2,37.19 1 0
github.com/Zartex-the-art/sei-ratelimiter/internal/testhelpers/helpers.go:37.19,39.3 1 0
github.com/Zartex-the-art/sei-ratelimiter/internal/testhelpers/helpers.go:41.2,41.15 1 0
github.com/Zartex-the-art/sei-ratelimiter/internal/testhelpers/helpers.go:52.68,56.34 4 0
github.com/Zartex-the-art/sei-ratelimiter/internal/testhelpers/helpers.go:56.34,58.3 1 0
github.com/Zartex-the-art/sei-ratelimiter/internal/testhelpers/helpers.go:59.2,59.55 1 0
github.com/Zartex-the-art/sei-ratelimiter/internal/testhelpers/helpers.go:59.55,61.3 1 0
github.com/Zartex-the-art/sei-ratelimiter/internal/testhelpers/helpers.go:66.68,68.17 2 0
github.com/Zartex-the-art/sei-ratelimiter/internal/testhelpers/helpers.go:68.17,70.3 1 0
github.com/Zartex-the-art/sei-ratelimiter/internal/testhelpers/helpers.go:77.62,79.2 1 0
github.com/Zartex-the-art/sei-ratelimiter/internal/testhelpers/helpers.go:81.39,83.77 2 0
github.com/Zartex-the-art/sei-ratelimiter/internal/testhelpers/helpers.go:83.77,85.6 1 0
github.com/Zartex-the-art/sei-ratelimiter/internal/config/config.go:11.23,17.2 1 2
github.com/Zartex-the-art/sei-ratelimiter/internal/config/config.go:19.44,20.38 1 6
github.com/Zartex-the-art/sei-ratelimiter/internal/config/config.go:20.38,22.3 1 3
github.com/Zartex-the-art/sei-ratelimiter/internal/config/config.go:23.2,23.19 1 3
github.com/Zartex-the-art/sei-ratelimiter/internal/limiter/fixed_window.go:16.81,23.2 1 1
github.com/Zartex-the-art/sei-ratelimiter/internal/limiter/fixed_window.go:25.53,31.40 4 4
github.com/Zartex-the-art/sei-ratelimiter/internal/limiter/fixed_window.go:31.40,34.3 2 0
github.com/Zartex-the-art/sei-ratelimiter/internal/limiter/fixed_window.go:36.2,36.30 1 4
github.com/Zartex-the-art/sei-ratelimiter/internal/limiter/fixed_window.go:36.30,38.3 1 1
github.com/Zartex-the-art/sei-ratelimiter/internal/limiter/fixed_window.go:40.2,41.13 2 3
github.com/Zartex-the-art/sei-ratelimiter/internal/store/fake_store.go:13.32,17.2 1 0
github.com/Zartex-the-art/sei-ratelimiter/internal/store/fake_store.go:19.95,25.2 4 0
github.com/Zartex-the-art/sei-ratelimiter/internal/store/fake_store.go:27.39,32.2 3 0
github.com/Zartex-the-art/sei-ratelimiter/internal/store/fake_store.go:34.68,38.25 3 0
github.com/Zartex-the-art/sei-ratelimiter/internal/store/fake_store.go:38.25,40.3 1 0
github.com/Zartex-the-art/sei-ratelimiter/internal/store/fake_store.go:41.2,41.12 1 0
github.com/Zartex-the-art/sei-ratelimiter/internal/store/fake_store.go:44.95,46.2 1 0
github.com/Zartex-the-art/sei-ratelimiter/internal/store/fake_store.go:48.95,50.2 1 0
github.com/Zartex-the-art/sei-ratelimiter/internal/store/fake_store.go:52.94,54.2 1 0
github.com/Zartex-the-art/sei-ratelimiter/internal/store/fake_store.go:56.89,58.2 1 0
github.com/Zartex-the-art/sei-ratelimiter/internal/store/fake_store.go:60.96,62.2 1 0
github.com/Zartex-the-art/sei-ratelimiter/internal/store/redis_store.go:15.45,23.2 2 0
github.com/Zartex-the-art/sei-ratelimiter/internal/store/redis_store.go:28.18,36.16 5 0
github.com/Zartex-the-art/sei-ratelimiter/internal/store/redis_store.go:36.16,38.3 1 0
github.com/Zartex-the-art/sei-ratelimiter/internal/store/redis_store.go:40.2,40.27 1 0
github.com/Zartex-the-art/sei-ratelimiter/internal/store/redis_store.go:42.69,44.2 1 0
github.com/Zartex-the-art/sei-ratelimiter/internal/store/redis_store.go:50.9,55.2 1 0
github.com/Zartex-the-art/sei-ratelimiter/internal/store/redis_store.go:60.9,67.2 1 0
github.com/Zartex-the-art/sei-ratelimiter/internal/store/redis_store.go:72.18,79.2 1 0
github.com/Zartex-the-art/sei-ratelimiter/internal/store/redis_store.go:83.30,85.2 1 0
github.com/Zartex-the-art/sei-ratelimiter/internal/store/redis_store.go:90.9,92.2 1 0
github.com/Zartex-the-art/sei-ratelimiter/internal/store/redis_store.go:93.54,95.2 1 0
github.com/Zartex-the-art/sei-ratelimiter/internal/algorithms/factory.go:13.90,14.16 1 10
github.com/Zartex-the-art/sei-ratelimiter/internal/algorithms/factory.go:14.16,16.3 1 3
github.com/Zartex-the-art/sei-ratelimiter/internal/algorithms/factory.go:18.2,18.21 1 7
github.com/Zartex-the-art/sei-ratelimiter/internal/algorithms/factory.go:18.21,20.3 1 3
github.com/Zartex-the-art/sei-ratelimiter/internal/algorithms/factory.go:22.2,22.19 1 4
github.com/Zartex-the-art/sei-ratelimiter/internal/algorithms/factory.go:23.28,24.51 1 1
github.com/Zartex-the-art/sei-ratelimiter/internal/algorithms/factory.go:25.30,26.53 1 0
github.com/Zartex-the-art/sei-ratelimiter/internal/algorithms/factory.go:27.28,28.51 1 0
github.com/Zartex-the-art/sei-ratelimiter/internal/algorithms/factory.go:29.10,30.60 1 3
github.com/Zartex-the-art/sei-ratelimiter/internal/algorithms/factory.go:35.33,41.2 1 1
github.com/Zartex-the-art/sei-ratelimiter/internal/algorithms/fixed_window.go:16.72,22.2 1 13
github.com/Zartex-the-art/sei-ratelimiter/internal/algorithms/fixed_window.go:23.87,31.16 3 966
github.com/Zartex-the-art/sei-ratelimiter/internal/algorithms/fixed_window.go:31.16,33.3 1 0
github.com/Zartex-the-art/sei-ratelimiter/internal/algorithms/fixed_window.go:35.2,37.19 2 966
github.com/Zartex-the-art/sei-ratelimiter/internal/algorithms/fixed_window.go:37.19,39.3 1 715
github.com/Zartex-the-art/sei-ratelimiter/internal/algorithms/fixed_window.go:41.2,41.27 1 966
github.com/Zartex-the-art/sei-ratelimiter/internal/algorithms/fixed_window.go:41.27,43.3 1 715
github.com/Zartex-the-art/sei-ratelimiter/internal/algorithms/fixed_window.go:45.2,45.29 1 251
github.com/Zartex-the-art/sei-ratelimiter/internal/algorithms/sliding_window.go:28.76,34.2 1 6
github.com/Zartex-the-art/sei-ratelimiter/internal/algorithms/sliding_window.go:41.89,47.72 5 36
github.com/Zartex-the-art/sei-ratelimiter/internal/algorithms/sliding_window.go:47.72,49.3 1 0
github.com/Zartex-the-art/sei-ratelimiter/internal/algorithms/sliding_window.go:51.2,52.73 2 36
github.com/Zartex-the-art/sei-ratelimiter/internal/algorithms/sliding_window.go:52.73,54.3 1 0
github.com/Zartex-the-art/sei-ratelimiter/internal/algorithms/sliding_window.go:58.2,59.16 2 36
github.com/Zartex-the-art/sei-ratelimiter/internal/algorithms/sliding_window.go:59.16,61.3 1 0
github.com/Zartex-the-art/sei-ratelimiter/internal/algorithms/sliding_window.go:63.2,63.27 1 36
github.com/Zartex-the-art/sei-ratelimiter/internal/algorithms/sliding_window.go:63.27,67.3 2 4
github.com/Zartex-the-art/sei-ratelimiter/internal/algorithms/sliding_window.go:68.2,69.29 2 32
github.com/Zartex-the-art/sei-ratelimiter/internal/algorithms/token_bucket.go:29.72,36.2 1 0
github.com/Zartex-the-art/sei-ratelimiter/internal/algorithms/token_bucket.go:42.87,47.16 4 0
github.com/Zartex-the-art/sei-ratelimiter/internal/algorithms/token_bucket.go:47.16,49.3 1 0
github.com/Zartex-the-art/sei-ratelimiter/internal/algorithms/token_bucket.go:50.2,53.22 3 0
github.com/Zartex-the-art/sei-ratelimiter/internal/algorithms/token_bucket.go:53.22,57.3 2 0
github.com/Zartex-the-art/sei-ratelimiter/internal/algorithms/token_bucket.go:57.8,60.17 2 0
github.com/Zartex-the-art/sei-ratelimiter/internal/algorithms/token_bucket.go:60.17,62.4 1 0
github.com/Zartex-the-art/sei-ratelimiter/internal/algorithms/token_bucket.go:63.3,64.17 2 0
github.com/Zartex-the-art/sei-ratelimiter/internal/algorithms/token_bucket.go:64.17,66.4 1 0
github.com/Zartex-the-art/sei-ratelimiter/internal/algorithms/token_bucket.go:68.3,70.59 3 0
github.com/Zartex-the-art/sei-ratelimiter/internal/algorithms/token_bucket.go:73.2,73.18 1 0
github.com/Zartex-the-art/sei-ratelimiter/internal/algorithms/token_bucket.go:73.18,76.3 1 0
github.com/Zartex-the-art/sei-ratelimiter/internal/algorithms/token_bucket.go:78.2,83.16 3 0
github.com/Zartex-the-art/sei-ratelimiter/internal/algorithms/token_bucket.go:83.16,85.3 1 0
github.com/Zartex-the-art/sei-ratelimiter/internal/algorithms/token_bucket.go:86.2,86.31 1 0
github.com/Zartex-the-art/sei-ratelimiter/internal/testhelpers/helpers.go:19.46,23.16 3 15
github.com/Zartex-the-art/sei-ratelimiter/internal/testhelpers/helpers.go:23.16,25.3 1 15
github.com/Zartex-the-art/sei-ratelimiter/internal/testhelpers/helpers.go:27.2,33.64 2 15
github.com/Zartex-the-art/sei-ratelimiter/internal/testhelpers/helpers.go:33.64,36.3 2 0
github.com/Zartex-the-art/sei-ratelimiter/internal/testhelpers/helpers.go:37.2,37.19 1 15
github.com/Zartex-the-art/sei-ratelimiter/internal/testhelpers/helpers.go:37.19,39.3 1 15
github.com/Zartex-the-art/sei-ratelimiter/internal/testhelpers/helpers.go:41.2,41.15 1 15
github.com/Zartex-the-art/sei-ratelimiter/internal/testhelpers/helpers.go:52.68,56.34 4 7
github.com/Zartex-the-art/sei-ratelimiter/internal/testhelpers/helpers.go:56.34,58.3 1 0
github.com/Zartex-the-art/sei-ratelimiter/internal/testhelpers/helpers.go:59.2,59.55 1 7
github.com/Zartex-the-art/sei-ratelimiter/internal/testhelpers/helpers.go:59.55,61.3 1 0
github.com/Zartex-the-art/sei-ratelimiter/internal/testhelpers/helpers.go:66.68,68.17 2 0
github.com/Zartex-the-art/sei-ratelimiter/internal/testhelpers/helpers.go:68.17,70.3 1 0
github.com/Zartex-the-art/sei-ratelimiter/internal/testhelpers/helpers.go:77.62,79.2 1 3
github.com/Zartex-the-art/sei-ratelimiter/internal/testhelpers/helpers.go:81.39,83.77 2 3
github.com/Zartex-the-art/sei-ratelimiter/internal/testhelpers/helpers.go:83.77,85.6 1 0
