mode: set
github.com/Zartex-the-art/sei-ratelimiter/internal/handlers/check.go:18.73,19.54 1 1
github.com/Zartex-the-art/sei-ratelimiter/internal/handlers/check.go:19.54,24.62 3 1
github.com/Zartex-the-art/sei-ratelimiter/internal/handlers/check.go:24.62,27.4 2 1
github.com/Zartex-the-art/sei-ratelimiter/internal/handlers/check.go:29.3,29.25 1 1
github.com/Zartex-the-art/sei-ratelimiter/internal/handlers/check.go:29.25,32.4 2 1
github.com/Zartex-the-art/sei-ratelimiter/internal/handlers/check.go:34.3,39.17 2 1
github.com/Zartex-the-art/sei-ratelimiter/internal/handlers/check.go:39.17,41.25 1 1
github.com/Zartex-the-art/sei-ratelimiter/internal/handlers/check.go:41.25,49.5 3 0
github.com/Zartex-the-art/sei-ratelimiter/internal/handlers/check.go:51.4,52.10 2 1
github.com/Zartex-the-art/sei-ratelimiter/internal/handlers/check.go:55.3,61.17 2 1
github.com/Zartex-the-art/sei-ratelimiter/internal/handlers/check.go:61.17,64.4 2 1
github.com/Zartex-the-art/sei-ratelimiter/internal/handlers/check.go:66.3,68.17 2 1
github.com/Zartex-the-art/sei-ratelimiter/internal/handlers/check.go:68.17,70.25 1 1
github.com/Zartex-the-art/sei-ratelimiter/internal/handlers/check.go:70.25,78.5 3 1
github.com/Zartex-the-art/sei-ratelimiter/internal/handlers/check.go:80.4,86.10 3 0
github.com/Zartex-the-art/sei-ratelimiter/internal/handlers/check.go:89.3,97.5 2 1
github.com/Zartex-the-art/sei-ratelimiter/internal/handlers/check.go:107.66,113.46 3 1
github.com/Zartex-the-art/sei-ratelimiter/internal/handlers/check.go:113.46,116.3 1 0
github.com/Zartex-the-art/sei-ratelimiter/internal/handlers/check.go:117.2,117.43 1 1
github.com/Zartex-the-art/sei-ratelimiter/internal/handlers/check.go:117.43,123.37 3 0
github.com/Zartex-the-art/sei-ratelimiter/internal/handlers/check.go:123.37,129.4 3 0
github.com/Zartex-the-art/sei-ratelimiter/internal/handlers/check.go:133.2,133.25 1 1
github.com/Zartex-the-art/sei-ratelimiter/internal/handlers/check.go:133.25,135.3 1 0
github.com/Zartex-the-art/sei-ratelimiter/internal/handlers/check.go:137.2,137.20 1 1
github.com/Zartex-the-art/sei-ratelimiter/internal/handlers/check.go:137.20,139.3 1 1
github.com/Zartex-the-art/sei-ratelimiter/internal/handlers/check.go:141.2,141.25 1 1
github.com/Zartex-the-art/sei-ratelimiter/internal/handlers/check.go:141.25,143.3 1 1
github.com/Zartex-the-art/sei-ratelimiter/internal/handlers/check.go:145.2,145.58 1 1
github.com/Zartex-the-art/sei-ratelimiter/internal/handlers/check.go:149.62,155.2 2 1
github.com/Zartex-the-art/sei-ratelimiter/internal/handlers/errors.go:8.35,9.16 1 1
github.com/Zartex-the-art/sei-ratelimiter/internal/handlers/errors.go:9.16,11.3 1 0
github.com/Zartex-the-art/sei-ratelimiter/internal/handlers/errors.go:13.2,13.42 1 1
github.com/Zartex-the-art/sei-ratelimiter/internal/handlers/errors.go:13.42,15.3 1 0
github.com/Zartex-the-art/sei-ratelimiter/internal/handlers/errors.go:17.2,17.34 1 1
github.com/Zartex-the-art/sei-ratelimiter/internal/handlers/errors.go:17.34,19.3 1 0
github.com/Zartex-the-art/sei-ratelimiter/internal/handlers/errors.go:21.2,34.35 3 1
github.com/Zartex-the-art/sei-ratelimiter/internal/handlers/errors.go:34.35,35.31 1 1
github.com/Zartex-the-art/sei-ratelimiter/internal/handlers/errors.go:35.31,37.4 1 1
github.com/Zartex-the-art/sei-ratelimiter/internal/handlers/errors.go:40.2,40.14 1 1
github.com/Zartex-the-art/sei-ratelimiter/internal/handlers/errors.go:43.36,44.16 1 1
github.com/Zartex-the-art/sei-ratelimiter/internal/handlers/errors.go:44.16,46.3 1 0
github.com/Zartex-the-art/sei-ratelimiter/internal/handlers/errors.go:48.2,48.38 1 1
github.com/Zartex-the-art/sei-ratelimiter/internal/handlers/rules.go:17.63,18.54 1 1
github.com/Zartex-the-art/sei-ratelimiter/internal/handlers/rules.go:18.54,22.62 3 1
github.com/Zartex-the-art/sei-ratelimiter/internal/handlers/rules.go:22.62,28.4 3 1
github.com/Zartex-the-art/sei-ratelimiter/internal/handlers/rules.go:30.3,30.25 1 1
github.com/Zartex-the-art/sei-ratelimiter/internal/handlers/rules.go:30.25,36.4 3 1
github.com/Zartex-the-art/sei-ratelimiter/internal/handlers/rules.go:38.3,38.21 1 1
github.com/Zartex-the-art/sei-ratelimiter/internal/handlers/rules.go:38.21,44.4 3 1
github.com/Zartex-the-art/sei-ratelimiter/internal/handlers/rules.go:46.3,46.26 1 1
github.com/Zartex-the-art/sei-ratelimiter/internal/handlers/rules.go:46.26,52.4 3 1
github.com/Zartex-the-art/sei-ratelimiter/internal/handlers/rules.go:54.3,55.50 2 1
github.com/Zartex-the-art/sei-ratelimiter/internal/handlers/rules.go:55.50,56.26 1 1
github.com/Zartex-the-art/sei-ratelimiter/internal/handlers/rules.go:56.26,58.10 2 1
github.com/Zartex-the-art/sei-ratelimiter/internal/handlers/rules.go:62.3,62.13 1 1
github.com/Zartex-the-art/sei-ratelimiter/internal/handlers/rules.go:62.13,68.4 3 1
github.com/Zartex-the-art/sei-ratelimiter/internal/handlers/rules.go:70.3,101.43 10 1
github.com/Zartex-the-art/sei-ratelimiter/internal/handlers/rules.go:101.43,107.4 3 0
github.com/Zartex-the-art/sei-ratelimiter/internal/handlers/rules.go:109.3,110.34 2 1
github.com/Zartex-the-art/sei-ratelimiter/internal/handlers/rules.go:115.62,116.54 1 1
github.com/Zartex-the-art/sei-ratelimiter/internal/handlers/rules.go:116.54,122.17 4 1
github.com/Zartex-the-art/sei-ratelimiter/internal/handlers/rules.go:122.17,128.4 3 0
github.com/Zartex-the-art/sei-ratelimiter/internal/handlers/rules.go:130.3,132.26 2 1
github.com/Zartex-the-art/sei-ratelimiter/internal/handlers/rules.go:132.26,134.38 2 1
github.com/Zartex-the-art/sei-ratelimiter/internal/handlers/rules.go:134.38,135.13 1 1
github.com/Zartex-the-art/sei-ratelimiter/internal/handlers/rules.go:138.4,139.18 2 1
github.com/Zartex-the-art/sei-ratelimiter/internal/handlers/rules.go:139.18,140.13 1 0
github.com/Zartex-the-art/sei-ratelimiter/internal/handlers/rules.go:143.4,143.31 1 1
github.com/Zartex-the-art/sei-ratelimiter/internal/handlers/rules.go:146.3,149.5 2 1
github.com/Zartex-the-art/sei-ratelimiter/internal/handlers/rules.go:154.60,155.54 1 1
github.com/Zartex-the-art/sei-ratelimiter/internal/handlers/rules.go:155.54,162.17 5 1
github.com/Zartex-the-art/sei-ratelimiter/internal/handlers/rules.go:162.17,168.4 3 0
github.com/Zartex-the-art/sei-ratelimiter/internal/handlers/rules.go:170.3,170.23 1 1
github.com/Zartex-the-art/sei-ratelimiter/internal/handlers/rules.go:170.23,176.4 3 1
github.com/Zartex-the-art/sei-ratelimiter/internal/handlers/rules.go:178.3,179.17 2 1
github.com/Zartex-the-art/sei-ratelimiter/internal/handlers/rules.go:179.17,185.4 3 0
github.com/Zartex-the-art/sei-ratelimiter/internal/handlers/rules.go:187.3,188.34 2 1
github.com/Zartex-the-art/sei-ratelimiter/internal/handlers/rules.go:193.63,194.54 1 1
github.com/Zartex-the-art/sei-ratelimiter/internal/handlers/rules.go:194.54,201.37 5 1
github.com/Zartex-the-art/sei-ratelimiter/internal/handlers/rules.go:201.37,207.4 3 1
github.com/Zartex-the-art/sei-ratelimiter/internal/handlers/rules.go:209.3,217.51 7 1
github.com/Zartex-the-art/sei-ratelimiter/internal/handlers/rules.go:217.51,223.4 3 0
github.com/Zartex-the-art/sei-ratelimiter/internal/handlers/rules.go:225.3,225.38 1 1
github.com/Zartex-the-art/sei-ratelimiter/internal/handlers/rules.go:230.66,245.2 5 1
