mode: set
github.com/Zartex-the-art/sei-ratelimiter/internal/store/error_store.go:15.34,19.2 1 1
github.com/Zartex-the-art/sei-ratelimiter/internal/store/error_store.go:21.9,23.2 1 1
github.com/Zartex-the-art/sei-ratelimiter/internal/store/error_store.go:24.97,26.2 1 1
github.com/Zartex-the-art/sei-ratelimiter/internal/store/error_store.go:27.97,29.2 1 1
github.com/Zartex-the-art/sei-ratelimiter/internal/store/error_store.go:30.96,32.2 1 1
github.com/Zartex-the-art/sei-ratelimiter/internal/store/error_store.go:33.91,35.2 1 1
github.com/Zartex-the-art/sei-ratelimiter/internal/store/error_store.go:36.98,38.2 1 1
github.com/Zartex-the-art/sei-ratelimiter/internal/store/error_store.go:39.70,41.2 1 1
github.com/Zartex-the-art/sei-ratelimiter/internal/store/error_store.go:42.139,44.2 1 1
github.com/Zartex-the-art/sei-ratelimiter/internal/store/error_store.go:45.122,47.2 1 1
github.com/Zartex-the-art/sei-ratelimiter/internal/store/fake_store.go:13.32,17.2 1 1
github.com/Zartex-the-art/sei-ratelimiter/internal/store/fake_store.go:19.95,25.2 4 1
github.com/Zartex-the-art/sei-ratelimiter/internal/store/fake_store.go:27.39,32.2 3 1
github.com/Zartex-the-art/sei-ratelimiter/internal/store/fake_store.go:34.68,38.25 3 1
github.com/Zartex-the-art/sei-ratelimiter/internal/store/fake_store.go:38.25,40.3 1 1
github.com/Zartex-the-art/sei-ratelimiter/internal/store/fake_store.go:41.2,41.12 1 1
github.com/Zartex-the-art/sei-ratelimiter/internal/store/fake_store.go:44.95,46.2 1 0
github.com/Zartex-the-art/sei-ratelimiter/internal/store/fake_store.go:48.95,50.2 1 0
github.com/Zartex-the-art/sei-ratelimiter/internal/store/fake_store.go:52.94,54.2 1 0
github.com/Zartex-the-art/sei-ratelimiter/internal/store/fake_store.go:56.89,58.2 1 0
github.com/Zartex-the-art/sei-ratelimiter/internal/store/fake_store.go:60.96,62.2 1 0
github.com/Zartex-the-art/sei-ratelimiter/internal/store/fake_store.go:75.18,82.26 5 1
github.com/Zartex-the-art/sei-ratelimiter/internal/store/fake_store.go:82.26,84.3 1 1
github.com/Zartex-the-art/sei-ratelimiter/internal/store/fake_store.go:86.2,86.19 1 1
github.com/Zartex-the-art/sei-ratelimiter/internal/store/fake_store.go:94.16,103.19 6 1
github.com/Zartex-the-art/sei-ratelimiter/internal/store/fake_store.go:103.19,106.3 2 0
github.com/Zartex-the-art/sei-ratelimiter/internal/store/fake_store.go:108.2,108.28 1 1
github.com/Zartex-the-art/sei-ratelimiter/internal/store/redis_store.go:25.45,48.2 2 1
github.com/Zartex-the-art/sei-ratelimiter/internal/store/redis_store.go:54.18,63.16 2 1
github.com/Zartex-the-art/sei-ratelimiter/internal/store/redis_store.go:63.16,65.3 1 0
github.com/Zartex-the-art/sei-ratelimiter/internal/store/redis_store.go:67.2,67.19 1 1
github.com/Zartex-the-art/sei-ratelimiter/internal/store/redis_store.go:70.69,72.2 1 1
github.com/Zartex-the-art/sei-ratelimiter/internal/store/redis_store.go:79.9,84.2 1 1
github.com/Zartex-the-art/sei-ratelimiter/internal/store/redis_store.go:90.9,97.2 1 0
github.com/Zartex-the-art/sei-ratelimiter/internal/store/redis_store.go:103.18,110.2 1 1
github.com/Zartex-the-art/sei-ratelimiter/internal/store/redis_store.go:115.30,117.2 1 1
github.com/Zartex-the-art/sei-ratelimiter/internal/store/redis_store.go:123.9,125.2 1 1
github.com/Zartex-the-art/sei-ratelimiter/internal/store/redis_store.go:127.54,129.2 1 1
github.com/Zartex-the-art/sei-ratelimiter/internal/store/redis_store.go:131.46,133.2 1 1
github.com/Zartex-the-art/sei-ratelimiter/internal/store/redis_store.go:221.18,233.16 2 0
github.com/Zartex-the-art/sei-ratelimiter/internal/store/redis_store.go:233.16,235.3 1 0
github.com/Zartex-the-art/sei-ratelimiter/internal/store/redis_store.go:237.2,237.19 1 0
github.com/Zartex-the-art/sei-ratelimiter/internal/store/redis_store.go:245.16,256.16 2 0
github.com/Zartex-the-art/sei-ratelimiter/internal/store/redis_store.go:256.16,258.3 1 0
github.com/Zartex-the-art/sei-ratelimiter/internal/store/redis_store.go:260.2,260.23 1 0
